Compiling to AST...
Success!!
Executing...
Ref counters: 0 2 0 1 1 0 1 0 0 1 0 2 0 0 0 0 0 
Computing: (def over9000 (clojure.core/fn ([x] (if (< 9000 x) x (over9000 (+ x x))))))
Printing...
Result: nil
Ref counters: 0 2 0 1 1 0 1 0 0 1 0 2 0 1 0 0 0 
Ref counters: 0 2 0 1 1 0 1 0 0 1 0 2 0 1 0 0 0 
Computing: (over9000 1)
Printing...
Result: 16384
Ref counters: 0 2 0 1 1 0 1 0 0 1 0 2 0 1 0 0 0 
Ref counters: 0 2 0 1 1 0 1 0 0 1 0 2 0 1 0 0 0 
Computing: (def over9000-recur (clojure.core/fn ([x] (if (< 9000 x) x (recur (+ x x))))))
Printing...
Result: nil
Ref counters: 0 2 0 1 1 0 1 0 0 1 0 2 0 2 0 0 0 
Ref counters: 0 2 0 1 1 0 1 0 0 1 0 2 0 2 0 0 0 
Computing: (over9000-recur 1)
Printing...
Result: 16384
Ref counters: 0 2 0 1 1 0 1 0 0 1 0 2 0 2 0 0 0 
